                                 Started job on |	Jan 28 17:24:34
                             Started mapping on |	Jan 28 17:26:03
                                    Finished on |	Jan 28 17:26:10
       Mapping speed, Million of reads per hour |	0.26

                          Number of input reads |	500
                      Average input read length |	292
                                    UNIQUE READS:
                   Uniquely mapped reads number |	428
                        Uniquely mapped reads % |	85.60%
                          Average mapped length |	284.71
                       Number of splices: Total |	412
            Number of splices: Annotated (sjdb) |	403
                       Number of splices: GT/AG |	407
                       Number of splices: GC/AG |	3
                       Number of splices: AT/AC |	0
               Number of splices: Non-canonical |	2
                      Mismatch rate per base, % |	0.55%
                         Deletion rate per base |	0.09%
                        Deletion average length |	1.95
                        Insertion rate per base |	0.01%
                       Insertion average length |	1.08
                             MULTI-MAPPING READS:
        Number of reads mapped to multiple loci |	38
             % of reads mapped to multiple loci |	7.60%
        Number of reads mapped to too many loci |	3
             % of reads mapped to too many loci |	0.60%
                                  UNMAPPED READS:
  Number of reads unmapped: too many mismatches |	0
       % of reads unmapped: too many mismatches |	0.00%
            Number of reads unmapped: too short |	30
                 % of reads unmapped: too short |	6.00%
                Number of reads unmapped: other |	1
                     % of reads unmapped: other |	0.20%
                                  CHIMERIC READS:
                       Number of chimeric reads |	0
                            % of chimeric reads |	0.00%
