                                 Started job on |	Jan 24 12:04:19
                             Started mapping on |	Jan 24 12:06:18
                                    Finished on |	Jan 24 12:06:24
       Mapping speed, Million of reads per hour |	0.60

                          Number of input reads |	1000
                      Average input read length |	60
                                    UNIQUE READS:
                   Uniquely mapped reads number |	556
                        Uniquely mapped reads % |	55.60%
                          Average mapped length |	48.10
                       Number of splices: Total |	40
            Number of splices: Annotated (sjdb) |	38
                       Number of splices: GT/AG |	39
                       Number of splices: GC/AG |	0
                       Number of splices: AT/AC |	0
               Number of splices: Non-canonical |	1
                      Mismatch rate per base, % |	3.25%
                         Deletion rate per base |	0.02%
                        Deletion average length |	1.67
                        Insertion rate per base |	0.00%
                       Insertion average length |	0.00
                             MULTI-MAPPING READS:
        Number of reads mapped to multiple loci |	359
             % of reads mapped to multiple loci |	35.90%
        Number of reads mapped to too many loci |	16
             % of reads mapped to too many loci |	1.60%
                                  UNMAPPED READS:
  Number of reads unmapped: too many mismatches |	0
       % of reads unmapped: too many mismatches |	0.00%
            Number of reads unmapped: too short |	59
                 % of reads unmapped: too short |	5.90%
                Number of reads unmapped: other |	10
                     % of reads unmapped: other |	1.00%
                                  CHIMERIC READS:
                       Number of chimeric reads |	0
                            % of chimeric reads |	0.00%
