                                 Started job on |	Jan 28 15:53:28
                             Started mapping on |	Jan 28 15:54:57
                                    Finished on |	Jan 28 15:55:04
       Mapping speed, Million of reads per hour |	0.26

                          Number of input reads |	500
                      Average input read length |	292
                                    UNIQUE READS:
                   Uniquely mapped reads number |	402
                        Uniquely mapped reads % |	80.40%
                          Average mapped length |	284.71
                       Number of splices: Total |	396
            Number of splices: Annotated (sjdb) |	396
                       Number of splices: GT/AG |	394
                       Number of splices: GC/AG |	2
                       Number of splices: AT/AC |	0
               Number of splices: Non-canonical |	0
                      Mismatch rate per base, % |	0.50%
                         Deletion rate per base |	0.00%
                        Deletion average length |	0.00
                        Insertion rate per base |	0.00%
                       Insertion average length |	0.00
                             MULTI-MAPPING READS:
        Number of reads mapped to multiple loci |	37
             % of reads mapped to multiple loci |	7.40%
        Number of reads mapped to too many loci |	1
             % of reads mapped to too many loci |	0.20%
                                  UNMAPPED READS:
  Number of reads unmapped: too many mismatches |	0
       % of reads unmapped: too many mismatches |	0.00%
            Number of reads unmapped: too short |	59
                 % of reads unmapped: too short |	11.80%
                Number of reads unmapped: other |	1
                     % of reads unmapped: other |	0.20%
                                  CHIMERIC READS:
                       Number of chimeric reads |	0
                            % of chimeric reads |	0.00%
